// Jest Snapshot v1, https://goo.gl/fbAQLP

exports[`<Main /> should render the heading 1`] = `
<main
  class="styles__Wrapper-sc-dzx1ao-0 ezyHvm"
>
  <img
    alt="Imagem de um átomo e React Avançado escrito ao lado."
    class="styles__Logo-sc-dzx1ao-1 bmXpbV"
    src="/img/logo.svg"
  />
  <h1
    class="styles__Title-sc-dzx1ao-2 cIwDMv"
  >
    React Avançado
  </h1>
  <h2
    class="styles__Description-sc-dzx1ao-3 UsxhU"
  >
    Typescript, React.js, Next.js, e Styled Components
  </h2>
  <img
    alt="Um desenvolvedor de frente para uma tela com código."
    class="styles__Illustration-sc-dzx1ao-4 hgYHjx"
    src="/img/hero-illustration.svg"
  />
</main>
`
